// Jest Snapshot v1, https://goo.gl/fbAQLP

exports[`Button renders 1`] = `"<button type=\\"submit\\" class=\\"py-4 mt-4 mb-20 font-sans text-xl leading-tight text-center text-white bg-yellow-600 rounded px-17 md:px-12 md:py-4 md:text-base\\">test</button>"`;
